Archive member included to satisfy reference by file (symbol)

/opt/st/stm32cubeide_1.1.0/plugins/com.st.stm32cube.ide.mcu.externaltools.gnu-tools-for-stm32.7-2018-q2-update.linux64_1.0.0.201904181610/tools/bin/../lib/gcc/arm-none-eabi/7.3.1/../../../../arm-none-eabi/lib/thumb/v6-m/libc_nano.a(lib_a-errno.o)
                              Src/syscalls.o (__errno)
/opt/st/stm32cubeide_1.1.0/plugins/com.st.stm32cube.ide.mcu.externaltools.gnu-tools-for-stm32.7-2018-q2-update.linux64_1.0.0.201904181610/tools/bin/../lib/gcc/arm-none-eabi/7.3.1/../../../../arm-none-eabi/lib/thumb/v6-m/libc_nano.a(lib_a-exit.o)
                              /opt/st/stm32cubeide_1.1.0/plugins/com.st.stm32cube.ide.mcu.externaltools.gnu-tools-for-stm32.7-2018-q2-update.linux64_1.0.0.201904181610/tools/bin/../lib/gcc/arm-none-eabi/7.3.1/../../../../arm-none-eabi/lib/thumb/v6-m/crt0.o (exit)
/opt/st/stm32cubeide_1.1.0/plugins/com.st.stm32cube.ide.mcu.externaltools.gnu-tools-for-stm32.7-2018-q2-update.linux64_1.0.0.201904181610/tools/bin/../lib/gcc/arm-none-eabi/7.3.1/../../../../arm-none-eabi/lib/thumb/v6-m/libc_nano.a(lib_a-impure.o)
                              /opt/st/stm32cubeide_1.1.0/plugins/com.st.stm32cube.ide.mcu.externaltools.gnu-tools-for-stm32.7-2018-q2-update.linux64_1.0.0.201904181610/tools/bin/../lib/gcc/arm-none-eabi/7.3.1/../../../../arm-none-eabi/lib/thumb/v6-m/libc_nano.a(lib_a-exit.o) (_global_impure_ptr)
/opt/st/stm32cubeide_1.1.0/plugins/com.st.stm32cube.ide.mcu.externaltools.gnu-tools-for-stm32.7-2018-q2-update.linux64_1.0.0.201904181610/tools/bin/../lib/gcc/arm-none-eabi/7.3.1/../../../../arm-none-eabi/lib/thumb/v6-m/libc_nano.a(lib_a-init.o)
                              /opt/st/stm32cubeide_1.1.0/plugins/com.st.stm32cube.ide.mcu.externaltools.gnu-tools-for-stm32.7-2018-q2-update.linux64_1.0.0.201904181610/tools/bin/../lib/gcc/arm-none-eabi/7.3.1/../../../../arm-none-eabi/lib/thumb/v6-m/crt0.o (__libc_init_array)
/opt/st/stm32cubeide_1.1.0/plugins/com.st.stm32cube.ide.mcu.externaltools.gnu-tools-for-stm32.7-2018-q2-update.linux64_1.0.0.201904181610/tools/bin/../lib/gcc/arm-none-eabi/7.3.1/../../../../arm-none-eabi/lib/thumb/v6-m/libc_nano.a(lib_a-malloc.o)
                              WLib/Src/WAdc.o (malloc)
/opt/st/stm32cubeide_1.1.0/plugins/com.st.stm32cube.ide.mcu.externaltools.gnu-tools-for-stm32.7-2018-q2-update.linux64_1.0.0.201904181610/tools/bin/../lib/gcc/arm-none-eabi/7.3.1/../../../../arm-none-eabi/lib/thumb/v6-m/libc_nano.a(lib_a-memset.o)
                              /opt/st/stm32cubeide_1.1.0/plugins/com.st.stm32cube.ide.mcu.externaltools.gnu-tools-for-stm32.7-2018-q2-update.linux64_1.0.0.201904181610/tools/bin/../lib/gcc/arm-none-eabi/7.3.1/../../../../arm-none-eabi/lib/thumb/v6-m/crt0.o (memset)
/opt/st/stm32cubeide_1.1.0/plugins/com.st.stm32cube.ide.mcu.externaltools.gnu-tools-for-stm32.7-2018-q2-update.linux64_1.0.0.201904181610/tools/bin/../lib/gcc/arm-none-eabi/7.3.1/../../../../arm-none-eabi/lib/thumb/v6-m/libc_nano.a(lib_a-nano-freer.o)
                              /opt/st/stm32cubeide_1.1.0/plugins/com.st.stm32cube.ide.mcu.externaltools.gnu-tools-for-stm32.7-2018-q2-update.linux64_1.0.0.201904181610/tools/bin/../lib/gcc/arm-none-eabi/7.3.1/../../../../arm-none-eabi/lib/thumb/v6-m/libc_nano.a(lib_a-malloc.o) (_free_r)
/opt/st/stm32cubeide_1.1.0/plugins/com.st.stm32cube.ide.mcu.externaltools.gnu-tools-for-stm32.7-2018-q2-update.linux64_1.0.0.201904181610/tools/bin/../lib/gcc/arm-none-eabi/7.3.1/../../../../arm-none-eabi/lib/thumb/v6-m/libc_nano.a(lib_a-nano-mallocr.o)
                              /opt/st/stm32cubeide_1.1.0/plugins/com.st.stm32cube.ide.mcu.externaltools.gnu-tools-for-stm32.7-2018-q2-update.linux64_1.0.0.201904181610/tools/bin/../lib/gcc/arm-none-eabi/7.3.1/../../../../arm-none-eabi/lib/thumb/v6-m/libc_nano.a(lib_a-malloc.o) (_malloc_r)
/opt/st/stm32cubeide_1.1.0/plugins/com.st.stm32cube.ide.mcu.externaltools.gnu-tools-for-stm32.7-2018-q2-update.linux64_1.0.0.201904181610/tools/bin/../lib/gcc/arm-none-eabi/7.3.1/../../../../arm-none-eabi/lib/thumb/v6-m/libc_nano.a(lib_a-sbrkr.o)
                              /opt/st/stm32cubeide_1.1.0/plugins/com.st.stm32cube.ide.mcu.externaltools.gnu-tools-for-stm32.7-2018-q2-update.linux64_1.0.0.201904181610/tools/bin/../lib/gcc/arm-none-eabi/7.3.1/../../../../arm-none-eabi/lib/thumb/v6-m/libc_nano.a(lib_a-nano-mallocr.o) (_sbrk_r)
/opt/st/stm32cubeide_1.1.0/plugins/com.st.stm32cube.ide.mcu.externaltools.gnu-tools-for-stm32.7-2018-q2-update.linux64_1.0.0.201904181610/tools/bin/../lib/gcc/arm-none-eabi/7.3.1/../../../../arm-none-eabi/lib/thumb/v6-m/libc_nano.a(lib_a-mlock.o)
                              /opt/st/stm32cubeide_1.1.0/plugins/com.st.stm32cube.ide.mcu.externaltools.gnu-tools-for-stm32.7-2018-q2-update.linux64_1.0.0.201904181610/tools/bin/../lib/gcc/arm-none-eabi/7.3.1/../../../../arm-none-eabi/lib/thumb/v6-m/libc_nano.a(lib_a-nano-freer.o) (__malloc_lock)
[...]
Memory Configuration

Name             Origin             Length             Attributes
ROM              0x0000000008000000 0x0000000000008000 xr
RAM              0x0000000020000000 0x0000000000001000 xrw
*default*        0x0000000000000000 0xffffffffffffffff

Linker script and memory map

LOAD /opt/st/stm32cubeide_1.1.0/plugins/com.st.stm32cube.ide.mcu.externaltools.gnu-tools-for-stm32.7-2018-q2-update.linux64_1.0.0.201904181610/tools/bin/../lib/gcc/arm-none-eabi/7.3.1/thumb/v6-m/crti.o
LOAD /opt/st/stm32cubeide_1.1.0/plugins/com.st.stm32cube.ide.mcu.externaltools.gnu-tools-for-stm32.7-2018-q2-update.linux64_1.0.0.201904181610/tools/bin/../lib/gcc/arm-none-eabi/7.3.1/thumb/v6-m/crtbegin.o
LOAD /opt/st/stm32cubeide_1.1.0/plugins/com.st.stm32cube.ide.mcu.externaltools.gnu-tools-for-stm32.7-2018-q2-update.linux64_1.0.0.201904181610/tools/bin/../lib/gcc/arm-none-eabi/7.3.1/../../../../arm-none-eabi/lib/thumb/v6-m/crt0.o
LOAD CMSIS/Src/system_stm32f0xx.o
LOAD Src/SevSeg.o
LOAD Src/TempMes.o
LOAD Src/Thermcouples.o
LOAD Src/Thermistor.o
LOAD Src/main.o
LOAD Src/syscalls.o
LOAD Src/sysmem.o
LOAD Startup/startup_stm32f030k6tx.o
LOAD WLib/Src/Sleep.o
LOAD WLib/Src/WAdc.o
LOAD WLib/Src/WAssert.o
START GROUP
LOAD /opt/st/stm32cubeide_1.1.0/plugins/com.st.stm32cube.ide.mcu.externaltools.gnu-tools-for-stm32.7-2018-q2-update.linux64_1.0.0.201904181610/tools/bin/../lib/gcc/arm-none-eabi/7.3.1/../../../../arm-none-eabi/lib/thumb/v6-m/libstdc++_nano.a
LOAD /opt/st/stm32cubeide_1.1.0/plugins/com.st.stm32cube.ide.mcu.externaltools.gnu-tools-for-stm32.7-2018-q2-update.linux64_1.0.0.201904181610/tools/bin/../lib/gcc/arm-none-eabi/7.3.1/../../../../arm-none-eabi/lib/thumb/v6-m/libsupc++_nano.a
END GROUP
LOAD /opt/st/stm32cubeide_1.1.0/plugins/com.st.stm32cube.ide.mcu.externaltools.gnu-tools-for-stm32.7-2018-q2-update.linux64_1.0.0.201904181610/tools/bin/../lib/gcc/arm-none-eabi/7.3.1/../../../../arm-none-eabi/lib/thumb/v6-m/libstdc++_nano.a
LOAD /opt/st/stm32cubeide_1.1.0/plugins/com.st.stm32cube.ide.mcu.externaltools.gnu-tools-for-stm32.7-2018-q2-update.linux64_1.0.0.201904181610/tools/bin/../lib/gcc/arm-none-eabi/7.3.1/../../../../arm-none-eabi/lib/thumb/v6-m/libm.a
LOAD /opt/st/stm32cubeide_1.1.0/plugins/com.st.stm32cube.ide.mcu.externaltools.gnu-tools-for-stm32.7-2018-q2-update.linux64_1.0.0.201904181610/tools/bin/../lib/gcc/arm-none-eabi/7.3.1/../../../../arm-none-eabi/lib/thumb/v6-m/libc_nano.a
START GROUP
LOAD /opt/st/stm32cubeide_1.1.0/plugins/com.st.stm32cube.ide.mcu.externaltools.gnu-tools-for-stm32.7-2018-q2-update.linux64_1.0.0.201904181610/tools/bin/../lib/gcc/arm-none-eabi/7.3.1/thumb/v6-m/libgcc.a
LOAD /opt/st/stm32cubeide_1.1.0/plugins/com.st.stm32cube.ide.mcu.externaltools.gnu-tools-for-stm32.7-2018-q2-update.linux64_1.0.0.201904181610/tools/bin/../lib/gcc/arm-none-eabi/7.3.1/../../../../arm-none-eabi/lib/thumb/v6-m/libc_nano.a
END GROUP
START GROUP
LOAD /opt/st/stm32cubeide_1.1.0/plugins/com.st.stm32cube.ide.mcu.externaltools.gnu-tools-for-stm32.7-2018-q2-update.linux64_1.0.0.201904181610/tools/bin/../lib/gcc/arm-none-eabi/7.3.1/thumb/v6-m/libgcc.a
LOAD /opt/st/stm32cubeide_1.1.0/plugins/com.st.stm32cube.ide.mcu.externaltools.gnu-tools-for-stm32.7-2018-q2-update.linux64_1.0.0.201904181610/tools/bin/../lib/gcc/arm-none-eabi/7.3.1/../../../../arm-none-eabi/lib/thumb/v6-m/libc_nano.a
LOAD /opt/st/stm32cubeide_1.1.0/plugins/com.st.stm32cube.ide.mcu.externaltools.gnu-tools-for-stm32.7-2018-q2-update.linux64_1.0.0.201904181610/tools/bin/../lib/gcc/arm-none-eabi/7.3.1/../../../../arm-none-eabi/lib/thumb/v6-m/libnosys.a
END GROUP
START GROUP
LOAD /opt/st/stm32cubeide_1.1.0/plugins/com.st.stm32cube.ide.mcu.externaltools.gnu-tools-for-stm32.7-2018-q2-update.linux64_1.0.0.201904181610/tools/bin/../lib/gcc/arm-none-eabi/7.3.1/thumb/v6-m/libgcc.a
LOAD /opt/st/stm32cubeide_1.1.0/plugins/com.st.stm32cube.ide.mcu.externaltools.gnu-tools-for-stm32.7-2018-q2-update.linux64_1.0.0.201904181610/tools/bin/../lib/gcc/arm-none-eabi/7.3.1/../../../../arm-none-eabi/lib/thumb/v6-m/libc_nano.a
LOAD /opt/st/stm32cubeide_1.1.0/plugins/com.st.stm32cube.ide.mcu.externaltools.gnu-tools-for-stm32.7-2018-q2-update.linux64_1.0.0.201904181610/tools/bin/../lib/gcc/arm-none-eabi/7.3.1/../../../../arm-none-eabi/lib/thumb/v6-m/libnosys.a
END GROUP
LOAD /opt/st/stm32cubeide_1.1.0/plugins/com.st.stm32cube.ide.mcu.externaltools.gnu-tools-for-stm32.7-2018-q2-update.linux64_1.0.0.201904181610/tools/bin/../lib/gcc/arm-none-eabi/7.3.1/thumb/v6-m/crtend.o
LOAD /opt/st/stm32cubeide_1.1.0/plugins/com.st.stm32cube.ide.mcu.externaltools.gnu-tools-for-stm32.7-2018-q2-update.linux64_1.0.0.201904181610/tools/bin/../lib/gcc/arm-none-eabi/7.3.1/thumb/v6-m/crtn.o
                0x0000000020001000                _estack = 0x20001000
                0x0000000000000200                _Min_Heap_Size = 0x200
                0x0000000000000400                _Min_Stack_Size = 0x400

.isr_vector     0x0000000008000000       0xc0
                0x0000000008000000                . = ALIGN (0x4)
 *(.isr_vector)
 .isr_vector    0x0000000008000000       0xc0 Startup/startup_stm32f030k6tx.o
                0x0000000008000000                g_pfnVectors
                0x00000000080000c0                . = ALIGN (0x4)

.text           0x00000000080000c0     0x14d4
                0x00000000080000c0                . = ALIGN (0x4)
 *(.text)
 .text          0x00000000080000c0       0x48 /opt/st/stm32cubeide_1.1.0/plugins/com.st.stm32cube.ide.mcu.externaltools.gnu-tools-for-stm32.7-2018-q2-update.linux64_1.0.0.201904181610/tools/bin/../lib/gcc/arm-none-eabi/7.3.1/thumb/v6-m/crtbegin.o
 .text          0x0000000008000108       0x74 /opt/st/stm32cubeide_1.1.0/plugins/com.st.stm32cube.ide.mcu.externaltools.gnu-tools-for-stm32.7-2018-q2-update.linux64_1.0.0.201904181610/tools/bin/../lib/gcc/arm-none-eabi/7.3.1/thumb/v6-m/libgcc.a(_arm_cmpsf2.o)
                0x0000000008000108                __aeabi_cfrcmple
                0x0000000008000110                __aeabi_cfcmple
                0x0000000008000110                __aeabi_cfcmpeq
                0x0000000008000120                __aeabi_fcmpeq
                0x000000000800012c                __aeabi_fcmplt
                0x0000000008000140                __aeabi_fcmple
                0x0000000008000154                __aeabi_fcmpgt
                0x0000000008000168                __aeabi_fcmpge
 .text          0x000000000800017c      0x224 /opt/st/stm32cubeide_1.1.0/plugins/com.st.stm32cube.ide.mcu.externaltools.gnu-tools-for-stm32.7-2018-q2-update.linux64_1.0.0.201904181610/tools/bin/../lib/gcc/arm-none-eabi/7.3.1/thumb/v6-m/libgcc.a(divsf3.o)
                0x000000000800017c                __aeabi_fdiv
 .text          0x00000000080003a0       0x50 /opt/st/stm32cubeide_1.1.0/plugins/com.st.stm32cube.ide.mcu.externaltools.gnu-tools-for-stm32.7-2018-q2-update.linux64_1.0.0.201904181610/tools/bin/../lib/gcc/arm-none-eabi/7.3.1/thumb/v6-m/libgcc.a(eqsf2.o)
                0x00000000080003a0                __nesf2
                0x00000000080003a0                __eqsf2
 .text          0x00000000080003f0       0x9c /opt/st/stm32cubeide_1.1.0/plugins/com.st.stm32cube.ide.mcu.externaltools.gnu-tools-for-stm32.7-2018-q2-update.linux64_1.0.0.201904181610/tools/bin/../lib/gcc/arm-none-eabi/7.3.1/thumb/v6-m/libgcc.a(gesf2.o)
                0x00000000080003f0                __gtsf2
                0x00000000080003f0                __gesf2
 .text          0x000000000800048c       0xa0 /opt/st/stm32cubeide_1.1.0/plugins/com.st.stm32cube.ide.mcu.externaltools.gnu-tools-for-stm32.7-2018-q2-update.linux64_1.0.0.201904181610/tools/bin/../lib/gcc/arm-none-eabi/7.3.1/thumb/v6-m/libgcc.a(lesf2.o)
                0x000000000800048c                __lesf2
                0x000000000800048c                __ltsf2
 .text          0x000000000800052c      0x264 /opt/st/stm32cubeide_1.1.0/plugins/com.st.stm32cube.ide.mcu.externaltools.gnu-tools-for-stm32.7-2018-q2-update.linux64_1.0.0.201904181610/tools/bin/../lib/gcc/arm-none-eabi/7.3.1/thumb/v6-m/libgcc.a(mulsf3.o)
                0x000000000800052c                __aeabi_fmul
 .text          0x0000000008000790      0x388 /opt/st/stm32cubeide_1.1.0/plugins/com.st.stm32cube.ide.mcu.externaltools.gnu-tools-for-stm32.7-2018-q2-update.linux64_1.0.0.201904181610/tools/bin/../lib/gcc/arm-none-eabi/7.3.1/thumb/v6-m/libgcc.a(subsf3.o)
                0x0000000008000790                __aeabi_fsub
 .text          0x0000000008000b18       0x40 /opt/st/stm32cubeide_1.1.0/plugins/com.st.stm32cube.ide.mcu.externaltools.gnu-tools-for-stm32.7-2018-q2-update.linux64_1.0.0.201904181610/tools/bin/../lib/gcc/arm-none-eabi/7.3.1/thumb/v6-m/libgcc.a(fixsfsi.o)
                0x0000000008000b18                __aeabi_f2iz
 .text          0x0000000008000b58       0x94 /opt/st/stm32cubeide_1.1.0/plugins/com.st.stm32cube.ide.mcu.externaltools.gnu-tools-for-stm32.7-2018-q2-update.linux64_1.0.0.201904181610/tools/bin/../lib/gcc/arm-none-eabi/7.3.1/thumb/v6-m/libgcc.a(floatsisf.o)
                0x0000000008000b58                __aeabi_i2f
 .text          0x0000000008000bec       0x3c /opt/st/stm32cubeide_1.1.0/plugins/com.st.stm32cube.ide.mcu.externaltools.gnu-tools-for-stm32.7-2018-q2-update.linux64_1.0.0.201904181610/tools/bin/../lib/gcc/arm-none-eabi/7.3.1/thumb/v6-m/libgcc.a(_clzsi2.o)
                0x0000000008000bec                __clzsi2
 *(.text*)
 .text.SystemInit
                0x0000000008000c28       0x88 CMSIS/Src/system_stm32f0xx.o
                0x0000000008000c28                SystemInit
 .text.Init_SevSeg
                0x0000000008000cb0      0x184 Src/SevSeg.o
                0x0000000008000cb0                Init_SevSeg
 .text.ShowSim_SevSeg
                0x0000000008000e34      0x37c Src/SevSeg.o
                0x0000000008000e34                ShowSim_SevSeg
 .text.ClearSeg_SevSeg
                0x00000000080011b0       0xac Src/SevSeg.o
                0x00000000080011b0                ClearSeg_SevSeg
 .text.ShowDgt_SevSeg
                0x000000000800125c      0x124 Src/SevSeg.o
                0x000000000800125c                ShowDgt_SevSeg
 .text.main     0x0000000008001380       0x34 Src/main.o
                0x0000000008001380                main
 .text.Reset_Handler
                0x00000000080013b4       0x50 Startup/startup_stm32f030k6tx.o
                0x00000000080013b4                Reset_Handler
 .text.Default_Handler
                0x0000000008001404        0x2 Startup/startup_stm32f030k6tx.o
                0x0000000008001404                TIM1_CC_IRQHandler
                0x0000000008001404                HardFault_Handler
                0x0000000008001404                TIM6_IRQHandler
                0x0000000008001404                SysTick_Handler
                0x0000000008001404                PVD_IRQHandler
                0x0000000008001404                PendSV_Handler
                0x0000000008001404                NMI_Handler
                0x0000000008001404                I2C1_IRQHandler
                0x0000000008001404                SPI1_IRQHandler
                0x0000000008001404                EXTI2_3_IRQHandler
                0x0000000008001404                I2C2_IRQHandler
                0x0000000008001404                TIM17_IRQHandler
                0x0000000008001404                RTC_IRQHandler
                0x0000000008001404                TIM16_IRQHandler
                0x0000000008001404                TIM3_IRQHandler
                0x0000000008001404                EXTI4_15_IRQHandler
                0x0000000008001404                RCC_IRQHandler
                0x0000000008001404                Default_Handler
                0x0000000008001404                TIM14_IRQHandler
                0x0000000008001404                ADC_IRQHandler
                0x0000000008001404                DMA1_CH2_3_IRQHandler
                0x0000000008001404                TIM15_IRQHandler
                0x0000000008001404                EXTI0_1_IRQHandler
                0x0000000008001404                USB_IRQHandler
                0x0000000008001404                SPI2_IRQHandler
                0x0000000008001404                DMA1_CH1_IRQHandler
                0x0000000008001404                SVC_Handler
                0x0000000008001404                DMA1_CH4_5_IRQHandler
                0x0000000008001404                WWDG_IRQHandler
                0x0000000008001404                USART2_IRQHandler
                0x0000000008001404                FLASH_IRQHandler
                0x0000000008001404                USART1_IRQHandler
                0x0000000008001404                TIM1_BRK_UP_TRG_COM_IRQHandler
                0x0000000008001404                USART3_4_5_6_IRQHandler
 .text.Sleep_ms
                0x0000000008001406       0x38 WLib/Src/Sleep.o
                0x0000000008001406                Sleep_ms
 *fill*         0x000000000800143e        0x2 
 .text.ADC_Init
                0x0000000008001440       0xa4 WLib/Src/WAdc.o
                0x0000000008001440                ADC_Init
 .text.ADC_Calib
                0x00000000080014e4       0x50 WLib/Src/WAdc.o
                0x00000000080014e4                ADC_Calib
 .text.__libc_init_array
                0x0000000008001534       0x48 /opt/st/stm32cubeide_1.1.0/plugins/com.st.stm32cube.ide.mcu.externaltools.gnu-tools-for-stm32.7-2018-q2-update.linux64_1.0.0.201904181610/tools/bin/../lib/gcc/arm-none-eabi/7.3.1/../../../../arm-none-eabi/lib/thumb/v6-m/libc_nano.a(lib_a-init.o)
                0x0000000008001534                __libc_init_array
 *(.glue_7)
 .glue_7        0x000000000800157c        0x0 linker stubs
 *(.glue_7t)
 .glue_7t       0x000000000800157c        0x0 linker stubs
 *(.eh_frame)
 .eh_frame      0x000000000800157c        0x0 /opt/st/stm32cubeide_1.1.0/plugins/com.st.stm32cube.ide.mcu.externaltools.gnu-tools-for-stm32.7-2018-q2-update.linux64_1.0.0.201904181610/tools/bin/../lib/gcc/arm-none-eabi/7.3.1/thumb/v6-m/crtbegin.o
 *(.init)
 .init          0x000000000800157c        0x4 /opt/st/stm32cubeide_1.1.0/plugins/com.st.stm32cube.ide.mcu.externaltools.gnu-tools-for-stm32.7-2018-q2-update.linux64_1.0.0.201904181610/tools/bin/../lib/gcc/arm-none-eabi/7.3.1/thumb/v6-m/crti.o
                0x000000000800157c                _init
 .init          0x0000000008001580        0x8 /opt/st/stm32cubeide_1.1.0/plugins/com.st.stm32cube.ide.mcu.externaltools.gnu-tools-for-stm32.7-2018-q2-update.linux64_1.0.0.201904181610/tools/bin/../lib/gcc/arm-none-eabi/7.3.1/thumb/v6-m/crtn.o
 *(.fini)
 .fini          0x0000000008001588        0x4 /opt/st/stm32cubeide_1.1.0/plugins/com.st.stm32cube.ide.mcu.externaltools.gnu-tools-for-stm32.7-2018-q2-update.linux64_1.0.0.201904181610/tools/bin/../lib/gcc/arm-none-eabi/7.3.1/thumb/v6-m/crti.o
                0x0000000008001588                _fini
 .fini          0x000000000800158c        0x8 /opt/st/stm32cubeide_1.1.0/plugins/com.st.stm32cube.ide.mcu.externaltools.gnu-tools-for-stm32.7-2018-q2-update.linux64_1.0.0.201904181610/tools/bin/../lib/gcc/arm-none-eabi/7.3.1/thumb/v6-m/crtn.o
                0x0000000008001594                . = ALIGN (0x4)
                0x0000000008001594                _etext = .

.vfp11_veneer   0x0000000008001594        0x0
 .vfp11_veneer  0x0000000008001594        0x0 linker stubs

.v4_bx          0x0000000008001594        0x0
 .v4_bx         0x0000000008001594        0x0 linker stubs

.iplt           0x0000000008001594        0x0
 .iplt          0x0000000008001594        0x0 /opt/st/stm32cubeide_1.1.0/plugins/com.st.stm32cube.ide.mcu.externaltools.gnu-tools-for-stm32.7-2018-q2-update.linux64_1.0.0.201904181610/tools/bin/../lib/gcc/arm-none-eabi/7.3.1/thumb/v6-m/crtbegin.o

.rodata         0x0000000008001594       0xf0
                0x0000000008001594                . = ALIGN (0x4)
 *(.rodata)
 .rodata        0x0000000008001594       0x80 /opt/st/stm32cubeide_1.1.0/plugins/com.st.stm32cube.ide.mcu.externaltools.gnu-tools-for-stm32.7-2018-q2-update.linux64_1.0.0.201904181610/tools/bin/../lib/gcc/arm-none-eabi/7.3.1/thumb/v6-m/libgcc.a(divsf3.o)
 .rodata        0x0000000008001614       0x40 /opt/st/stm32cubeide_1.1.0/plugins/com.st.stm32cube.ide.mcu.externaltools.gnu-tools-for-stm32.7-2018-q2-update.linux64_1.0.0.201904181610/tools/bin/../lib/gcc/arm-none-eabi/7.3.1/thumb/v6-m/libgcc.a(mulsf3.o)
 *(.rodata*)
 .rodata.ShowSim_SevSeg
                0x0000000008001654       0x30 Src/SevSeg.o
                0x0000000008001684                . = ALIGN (0x4)

.rel.dyn        0x0000000008001684        0x0
 .rel.iplt      0x0000000008001684        0x0 /opt/st/stm32cubeide_1.1.0/plugins/com.st.stm32cube.ide.mcu.externaltools.gnu-tools-for-stm32.7-2018-q2-update.linux64_1.0.0.201904181610/tools/bin/../lib/gcc/arm-none-eabi/7.3.1/thumb/v6-m/crtbegin.o

.ARM.extab      0x0000000008001684        0x0
                0x0000000008001684                . = ALIGN (0x4)
 *(.ARM.extab* .gnu.linkonce.armextab.*)
                0x0000000008001684                . = ALIGN (0x4)

.ARM            0x0000000008001684        0x0
                0x0000000008001684                . = ALIGN (0x4)
                0x0000000008001684                __exidx_start = .
 *(.ARM.exidx*)
                0x0000000008001684                __exidx_end = .
                0x0000000008001684                . = ALIGN (0x4)

.preinit_array  0x0000000008001684        0x0
                0x0000000008001684                . = ALIGN (0x4)
                0x0000000008001684                PROVIDE (__preinit_array_start = .)
 *(.preinit_array*)
                0x0000000008001684                PROVIDE (__preinit_array_end = .)
                0x0000000008001684                . = ALIGN (0x4)

.init_array     0x0000000008001684        0x4
                0x0000000008001684                . = ALIGN (0x4)
                0x0000000008001684                PROVIDE (__init_array_start = .)
 *(SORT_BY_NAME(.init_array.*))
 *(.init_array*)
 .init_array    0x0000000008001684        0x4 /opt/st/stm32cubeide_1.1.0/plugins/com.st.stm32cube.ide.mcu.externaltools.gnu-tools-for-stm32.7-2018-q2-update.linux64_1.0.0.201904181610/tools/bin/../lib/gcc/arm-none-eabi/7.3.1/thumb/v6-m/crtbegin.o
                0x0000000008001688                PROVIDE (__init_array_end = .)
                0x0000000008001688                . = ALIGN (0x4)

.fini_array     0x0000000008001688        0x4
                0x0000000008001688                . = ALIGN (0x4)
                [!provide]                        PROVIDE (__fini_array_start = .)
 *(SORT_BY_NAME(.fini_array.*))
 *(.fini_array*)
 .fini_array    0x0000000008001688        0x4 /opt/st/stm32cubeide_1.1.0/plugins/com.st.stm32cube.ide.mcu.externaltools.gnu-tools-for-stm32.7-2018-q2-update.linux64_1.0.0.201904181610/tools/bin/../lib/gcc/arm-none-eabi/7.3.1/thumb/v6-m/crtbegin.o
                [!provide]                        PROVIDE (__fini_array_end = .)
                0x000000000800168c                . = ALIGN (0x4)
                0x000000000800168c                _sidata = LOADADDR (.data)

.data           0x0000000020000000        0xc load address 0x000000000800168c
                0x0000000020000000                . = ALIGN (0x4)
                0x0000000020000000                _sdata = .
 *(.data)
 *(.data*)
 .data.ucaSegPins
                0x0000000020000000        0x8 Src/SevSeg.o
 .data.ucaComPins
                0x0000000020000008        0x4 Src/SevSeg.o
                0x000000002000000c                . = ALIGN (0x4)
                0x000000002000000c                _edata = .

.igot.plt       0x000000002000000c        0x0 load address 0x0000000008001698
 .igot.plt      0x000000002000000c        0x0 /opt/st/stm32cubeide_1.1.0/plugins/com.st.stm32cube.ide.mcu.externaltools.gnu-tools-for-stm32.7-2018-q2-update.linux64_1.0.0.201904181610/tools/bin/../lib/gcc/arm-none-eabi/7.3.1/thumb/v6-m/crtbegin.o
                0x000000002000000c                . = ALIGN (0x4)

.bss            0x000000002000000c       0x20 load address 0x0000000008001698
                0x000000002000000c                _sbss = .
                0x000000002000000c                __bss_start__ = _sbss
 *(.bss)
 .bss           0x000000002000000c       0x1c /opt/st/stm32cubeide_1.1.0/plugins/com.st.stm32cube.ide.mcu.externaltools.gnu-tools-for-stm32.7-2018-q2-update.linux64_1.0.0.201904181610/tools/bin/../lib/gcc/arm-none-eabi/7.3.1/thumb/v6-m/crtbegin.o
 *(.bss*)
 *(COMMON)
 COMMON         0x0000000020000028        0x1 WLib/Src/WAdc.o
                0x0000000020000028                ChCnt
                0x000000002000002c                . = ALIGN (0x4)
 *fill*         0x0000000020000029        0x3 
                0x000000002000002c                _ebss = .
                0x000000002000002c                __bss_end__ = _ebss

._user_heap_stack
                0x000000002000002c      0x604 load address 0x0000000008001698
                0x0000000020000030                . = ALIGN (0x8)
 *fill*         0x000000002000002c        0x4 
                0x0000000020000030                PROVIDE (end = .)
                [!provide]                        PROVIDE (_end = .)
                0x0000000020000230                . = (. + _Min_Heap_Size)
 *fill*         0x0000000020000030      0x200 
                0x0000000020000630                . = (. + _Min_Stack_Size)
 *fill*         0x0000000020000230      0x400 
                0x0000000020000630                . = ALIGN (0x8)

/DISCARD/
 libc.a(*)
 libm.a(*)
 libgcc.a(*)

.ARM.attributes
                0x0000000000000000       0x28
 *(.ARM.attributes)
 .ARM.attributes
                0x0000000000000000       0x1e /opt/st/stm32cubeide_1.1.0/plugins/com.st.stm32cube.ide.mcu.externaltools.gnu-tools-for-stm32.7-2018-q2-update.linux64_1.0.0.201904181610/tools/bin/../lib/gcc/arm-none-eabi/7.3.1/thumb/v6-m/crti.o
 .ARM.attributes
                0x000000000000001e       0x2c /opt/st/stm32cubeide_1.1.0/plugins/com.st.stm32cube.ide.mcu.externaltools.gnu-tools-for-stm32.7-2018-q2-update.linux64_1.0.0.201904181610/tools/bin/../lib/gcc/arm-none-eabi/7.3.1/thumb/v6-m/crtbegin.o
 .ARM.attributes
                0x000000000000004a       0x31 CMSIS/Src/system_stm32f0xx.o
 .ARM.attributes
                0x000000000000007b       0x31 Src/SevSeg.o
 .ARM.attributes
                0x00000000000000ac       0x31 Src/main.o
 .ARM.attributes
                0x00000000000000dd       0x21 Startup/startup_stm32f030k6tx.o
 .ARM.attributes
                0x00000000000000fe       0x31 WLib/Src/Sleep.o
 .ARM.attributes
                0x000000000000012f       0x31 WLib/Src/WAdc.o
 .ARM.attributes
                0x0000000000000160       0x2c /opt/st/stm32cubeide_1.1.0/plugins/com.st.stm32cube.ide.mcu.externaltools.gnu-tools-for-stm32.7-2018-q2-update.linux64_1.0.0.201904181610/tools/bin/../lib/gcc/arm-none-eabi/7.3.1/../../../../arm-none-eabi/lib/thumb/v6-m/libc_nano.a(lib_a-init.o)
 .ARM.attributes
                0x000000000000018c       0x1e /opt/st/stm32cubeide_1.1.0/plugins/com.st.stm32cube.ide.mcu.externaltools.gnu-tools-for-stm32.7-2018-q2-update.linux64_1.0.0.201904181610/tools/bin/../lib/gcc/arm-none-eabi/7.3.1/thumb/v6-m/libgcc.a(_arm_cmpsf2.o)
 .ARM.attributes
                0x00000000000001aa       0x2c /opt/st/stm32cubeide_1.1.0/plugins/com.st.stm32cube.ide.mcu.externaltools.gnu-tools-for-stm32.7-2018-q2-update.linux64_1.0.0.201904181610/tools/bin/../lib/gcc/arm-none-eabi/7.3.1/thumb/v6-m/libgcc.a(divsf3.o)
 .ARM.attributes
                0x00000000000001d6       0x2c /opt/st/stm32cubeide_1.1.0/plugins/com.st.stm32cube.ide.mcu.externaltools.gnu-tools-for-stm32.7-2018-q2-update.linux64_1.0.0.201904181610/tools/bin/../lib/gcc/arm-none-eabi/7.3.1/thumb/v6-m/libgcc.a(eqsf2.o)
 .ARM.attributes
                0x0000000000000202       0x2c /opt/st/stm32cubeide_1.1.0/plugins/com.st.stm32cube.ide.mcu.externaltools.gnu-tools-for-stm32.7-2018-q2-update.linux64_1.0.0.201904181610/tools/bin/../lib/gcc/arm-none-eabi/7.3.1/thumb/v6-m/libgcc.a(gesf2.o)
 .ARM.attributes
                0x000000000000022e       0x2c /opt/st/stm32cubeide_1.1.0/plugins/com.st.stm32cube.ide.mcu.externaltools.gnu-tools-for-stm32.7-2018-q2-update.linux64_1.0.0.201904181610/tools/bin/../lib/gcc/arm-none-eabi/7.3.1/thumb/v6-m/libgcc.a(lesf2.o)
 .ARM.attributes
                0x000000000000025a       0x2c /opt/st/stm32cubeide_1.1.0/plugins/com.st.stm32cube.ide.mcu.externaltools.gnu-tools-for-stm32.7-2018-q2-update.linux64_1.0.0.201904181610/tools/bin/../lib/gcc/arm-none-eabi/7.3.1/thumb/v6-m/libgcc.a(mulsf3.o)
 .ARM.attributes
                0x0000000000000286       0x2c /opt/st/stm32cubeide_1.1.0/plugins/com.st.stm32cube.ide.mcu.externaltools.gnu-tools-for-stm32.7-2018-q2-update.linux64_1.0.0.201904181610/tools/bin/../lib/gcc/arm-none-eabi/7.3.1/thumb/v6-m/libgcc.a(subsf3.o)
 .ARM.attributes
                0x00000000000002b2       0x2c /opt/st/stm32cubeide_1.1.0/plugins/com.st.stm32cube.ide.mcu.externaltools.gnu-tools-for-stm32.7-2018-q2-update.linux64_1.0.0.201904181610/tools/bin/../lib/gcc/arm-none-eabi/7.3.1/thumb/v6-m/libgcc.a(fixsfsi.o)
 .ARM.attributes
                0x00000000000002de       0x2c /opt/st/stm32cubeide_1.1.0/plugins/com.st.stm32cube.ide.mcu.externaltools.gnu-tools-for-stm32.7-2018-q2-update.linux64_1.0.0.201904181610/tools/bin/../lib/gcc/arm-none-eabi/7.3.1/thumb/v6-m/libgcc.a(floatsisf.o)
 .ARM.attributes
                0x000000000000030a       0x1e /opt/st/stm32cubeide_1.1.0/plugins/com.st.stm32cube.ide.mcu.externaltools.gnu-tools-for-stm32.7-2018-q2-update.linux64_1.0.0.201904181610/tools/bin/../lib/gcc/arm-none-eabi/7.3.1/thumb/v6-m/libgcc.a(_clzsi2.o)
 .ARM.attributes
                0x0000000000000328       0x1e /opt/st/stm32cubeide_1.1.0/plugins/com.st.stm32cube.ide.mcu.externaltools.gnu-tools-for-stm32.7-2018-q2-update.linux64_1.0.0.201904181610/tools/bin/../lib/gcc/arm-none-eabi/7.3.1/thumb/v6-m/crtn.o
OUTPUT(TempSensorRev1_0.elf elf32-littlearm)

.debug_info     0x0000000000000000     0x2b5f
 .debug_info    0x0000000000000000      0x247 CMSIS/Src/system_stm32f0xx.o
 .debug_info    0x0000000000000247      0xd6b Src/SevSeg.o
 .debug_info    0x0000000000000fb2      0xbb8 Src/main.o
 .debug_info    0x0000000000001b6a       0x22 Startup/startup_stm32f030k6tx.o
 .debug_info    0x0000000000001b8c      0x29c WLib/Src/Sleep.o
 .debug_info    0x0000000000001e28      0xd37 WLib/Src/WAdc.o

.debug_abbrev   0x0000000000000000      0x80e
 .debug_abbrev  0x0000000000000000      0x100 CMSIS/Src/system_stm32f0xx.o
 .debug_abbrev  0x0000000000000100      0x21d Src/SevSeg.o
 .debug_abbrev  0x000000000000031d      0x1cf Src/main.o
 .debug_abbrev  0x00000000000004ec       0x12 Startup/startup_stm32f030k6tx.o
 .debug_abbrev  0x00000000000004fe      0x116 WLib/Src/Sleep.o
 .debug_abbrev  0x0000000000000614      0x1fa WLib/Src/WAdc.o

.debug_aranges  0x0000000000000000      0x108
 .debug_aranges
                0x0000000000000000       0x28 CMSIS/Src/system_stm32f0xx.o
 .debug_aranges
                0x0000000000000028       0x38 Src/SevSeg.o
 .debug_aranges
                0x0000000000000060       0x20 Src/main.o
 .debug_aranges
                0x0000000000000080       0x28 Startup/startup_stm32f030k6tx.o
 .debug_aranges
                0x00000000000000a8       0x28 WLib/Src/Sleep.o
 .debug_aranges
                0x00000000000000d0       0x38 WLib/Src/WAdc.o

.debug_ranges   0x0000000000000000       0xb0
 .debug_ranges  0x0000000000000000       0x18 CMSIS/Src/system_stm32f0xx.o
 .debug_ranges  0x0000000000000018       0x28 Src/SevSeg.o
 .debug_ranges  0x0000000000000040       0x10 Src/main.o
 .debug_ranges  0x0000000000000050       0x20 Startup/startup_stm32f030k6tx.o
 .debug_ranges  0x0000000000000070       0x18 WLib/Src/Sleep.o
 .debug_ranges  0x0000000000000088       0x28 WLib/Src/WAdc.o

.debug_macro    0x0000000000000000     0x9283
 .debug_macro   0x0000000000000000       0xcf CMSIS/Src/system_stm32f0xx.o
 .debug_macro   0x00000000000000cf      0xa4e CMSIS/Src/system_stm32f0xx.o
 .debug_macro   0x0000000000000b1d       0x2e CMSIS/Src/system_stm32f0xx.o
 .debug_macro   0x0000000000000b4b       0x22 CMSIS/Src/system_stm32f0xx.o
 .debug_macro   0x0000000000000b6d       0x22 CMSIS/Src/system_stm32f0xx.o
 .debug_macro   0x0000000000000b8f       0x8e CMSIS/Src/system_stm32f0xx.o
 .debug_macro   0x0000000000000c1d       0x51 CMSIS/Src/system_stm32f0xx.o
 .debug_macro   0x0000000000000c6e       0xef CMSIS/Src/system_stm32f0xx.o
 .debug_macro   0x0000000000000d5d       0x6a CMSIS/Src/system_stm32f0xx.o
 .debug_macro   0x0000000000000dc7      0x1df CMSIS/Src/system_stm32f0xx.o
 .debug_macro   0x0000000000000fa6       0x34 CMSIS/Src/system_stm32f0xx.o
 .debug_macro   0x0000000000000fda       0x26 CMSIS/Src/system_stm32f0xx.o
 .debug_macro   0x0000000000001000      0x30d CMSIS/Src/system_stm32f0xx.o
 .debug_macro   0x000000000000130d     0x6ed0 CMSIS/Src/system_stm32f0xx.o
 .debug_macro   0x00000000000081dd       0x3c CMSIS/Src/system_stm32f0xx.o
 .debug_macro   0x0000000000008219      0x1a8 Src/SevSeg.o
 .debug_macro   0x00000000000083c1       0x22 Src/SevSeg.o
 .debug_macro   0x00000000000083e3       0x46 Src/SevSeg.o
 .debug_macro   0x0000000000008429       0x18 Src/SevSeg.o
 .debug_macro   0x0000000000008441       0x3c Src/SevSeg.o
 .debug_macro   0x000000000000847d       0x34 Src/SevSeg.o
 .debug_macro   0x00000000000084b1      0x174 Src/SevSeg.o
 .debug_macro   0x0000000000008625       0x52 Src/SevSeg.o
 .debug_macro   0x0000000000008677       0x1f Src/SevSeg.o
 .debug_macro   0x0000000000008696       0x43 Src/SevSeg.o
 .debug_macro   0x00000000000086d9       0x20 Src/SevSeg.o
 .debug_macro   0x00000000000086f9      0x1a3 Src/SevSeg.o
 .debug_macro   0x000000000000889c      0x330 Src/SevSeg.o
 .debug_macro   0x0000000000008bcc      0x1e1 Src/SevSeg.o
 .debug_macro   0x0000000000008dad       0x16 Src/SevSeg.o
 .debug_macro   0x0000000000008dc3       0x35 Src/SevSeg.o
 .debug_macro   0x0000000000008df8       0x16 Src/SevSeg.o
 .debug_macro   0x0000000000008e0e       0x29 Src/SevSeg.o
 .debug_macro   0x0000000000008e37      0x1c0 Src/main.o
 .debug_macro   0x0000000000008ff7       0x3a Src/main.o
 .debug_macro   0x0000000000009031       0xb8 WLib/Src/Sleep.o
 .debug_macro   0x00000000000090e9      0x18a WLib/Src/WAdc.o
 .debug_macro   0x0000000000009273       0x10 WLib/Src/WAdc.o

.debug_line     0x0000000000000000     0x1d3d
 .debug_line    0x0000000000000000      0x447 CMSIS/Src/system_stm32f0xx.o
 .debug_line    0x0000000000000447      0x70c Src/SevSeg.o
 .debug_line    0x0000000000000b53      0x620 Src/main.o
 .debug_line    0x0000000000001173       0x84 Startup/startup_stm32f030k6tx.o
 .debug_line    0x00000000000011f7      0x4b5 WLib/Src/Sleep.o
 .debug_line    0x00000000000016ac      0x691 WLib/Src/WAdc.o

.debug_str      0x0000000000000000    0x2ecf5
 .debug_str     0x0000000000000000    0x2ae28 CMSIS/Src/system_stm32f0xx.o
                                      0x2af99 (size before relaxing)
 .debug_str     0x000000000002ae28     0x3c55 Src/SevSeg.o
                                      0x2e9c4 (size before relaxing)
 .debug_str     0x000000000002ea7d       0xd9 Src/main.o
                                      0x2e9be (size before relaxing)
 .debug_str     0x000000000002eb56       0x31 Startup/startup_stm32f030k6tx.o
                                         0x8f (size before relaxing)
 .debug_str     0x000000000002eb87       0x28 WLib/Src/Sleep.o
                                      0x2ac4c (size before relaxing)
 .debug_str     0x000000000002ebaf      0x146 WLib/Src/WAdc.o
                                      0x2cfad (size before relaxing)

.comment        0x0000000000000000       0x7b
 .comment       0x0000000000000000       0x7b CMSIS/Src/system_stm32f0xx.o
                                         0x7c (size before relaxing)
 .comment       0x000000000000007b       0x7c Src/SevSeg.o
 .comment       0x000000000000007b       0x7c Src/main.o
 .comment       0x000000000000007b       0x7c WLib/Src/Sleep.o
 .comment       0x000000000000007b       0x7c WLib/Src/WAdc.o

.debug_frame    0x0000000000000000      0x390
 .debug_frame   0x0000000000000000       0x4c CMSIS/Src/system_stm32f0xx.o
 .debug_frame   0x000000000000004c       0x94 Src/SevSeg.o
 .debug_frame   0x00000000000000e0       0x2c Src/main.o
 .debug_frame   0x000000000000010c       0x50 WLib/Src/Sleep.o
 .debug_frame   0x000000000000015c       0x88 WLib/Src/WAdc.o
 .debug_frame   0x00000000000001e4       0x2c /opt/st/stm32cubeide_1.1.0/plugins/com.st.stm32cube.ide.mcu.externaltools.gnu-tools-for-stm32.7-2018-q2-update.linux64_1.0.0.201904181610/tools/bin/../lib/gcc/arm-none-eabi/7.3.1/../../../../arm-none-eabi/lib/thumb/v6-m/libc_nano.a(lib_a-init.o)
 .debug_frame   0x0000000000000210       0x3c /opt/st/stm32cubeide_1.1.0/plugins/com.st.stm32cube.ide.mcu.externaltools.gnu-tools-for-stm32.7-2018-q2-update.linux64_1.0.0.201904181610/tools/bin/../lib/gcc/arm-none-eabi/7.3.1/thumb/v6-m/libgcc.a(divsf3.o)
 .debug_frame   0x000000000000024c       0x2c /opt/st/stm32cubeide_1.1.0/plugins/com.st.stm32cube.ide.mcu.externaltools.gnu-tools-for-stm32.7-2018-q2-update.linux64_1.0.0.201904181610/tools/bin/../lib/gcc/arm-none-eabi/7.3.1/thumb/v6-m/libgcc.a(eqsf2.o)
 .debug_frame   0x0000000000000278       0x2c /opt/st/stm32cubeide_1.1.0/plugins/com.st.stm32cube.ide.mcu.externaltools.gnu-tools-for-stm32.7-2018-q2-update.linux64_1.0.0.201904181610/tools/bin/../lib/gcc/arm-none-eabi/7.3.1/thumb/v6-m/libgcc.a(gesf2.o)
 .debug_frame   0x00000000000002a4       0x2c /opt/st/stm32cubeide_1.1.0/plugins/com.st.stm32cube.ide.mcu.externaltools.gnu-tools-for-stm32.7-2018-q2-update.linux64_1.0.0.201904181610/tools/bin/../lib/gcc/arm-none-eabi/7.3.1/thumb/v6-m/libgcc.a(lesf2.o)
 .debug_frame   0x00000000000002d0       0x3c /opt/st/stm32cubeide_1.1.0/plugins/com.st.stm32cube.ide.mcu.externaltools.gnu-tools-for-stm32.7-2018-q2-update.linux64_1.0.0.201904181610/tools/bin/../lib/gcc/arm-none-eabi/7.3.1/thumb/v6-m/libgcc.a(mulsf3.o)
 .debug_frame   0x000000000000030c       0x38 /opt/st/stm32cubeide_1.1.0/plugins/com.st.stm32cube.ide.mcu.externaltools.gnu-tools-for-stm32.7-2018-q2-update.linux64_1.0.0.201904181610/tools/bin/../lib/gcc/arm-none-eabi/7.3.1/thumb/v6-m/libgcc.a(subsf3.o)
 .debug_frame   0x0000000000000344       0x20 /opt/st/stm32cubeide_1.1.0/plugins/com.st.stm32cube.ide.mcu.externaltools.gnu-tools-for-stm32.7-2018-q2-update.linux64_1.0.0.201904181610/tools/bin/../lib/gcc/arm-none-eabi/7.3.1/thumb/v6-m/libgcc.a(fixsfsi.o)
 .debug_frame   0x0000000000000364       0x2c /opt/st/stm32cubeide_1.1.0/plugins/com.st.stm32cube.ide.mcu.externaltools.gnu-tools-for-stm32.7-2018-q2-update.linux64_1.0.0.201904181610/tools/bin/../lib/gcc/arm-none-eabi/7.3.1/thumb/v6-m/libgcc.a(floatsisf.o)
